=== Step 1-2: Command Behavior ===
$ ls ; date
data
outputs
scripts
Thu Jan 15 02:58:13 UTC 2026

$ ls ";" date
ls: cannot access ';': No such file or directory
ls: cannot access 'date': No such file or directory

=== Step 3-4: Man Pages ===
$ man -f ls
This system has been minimized by removing packages and content that are
not required on a system that users do not log into.

To restore this content, including manpages, you can run the 'unminimize'
command. You will still need to ensure the 'man-db' package is installed.

$ man -k shell | head -5
This system has been minimized by removing packages and content that are
not required on a system that users do not log into.

To restore this content, including manpages, you can run the 'unminimize'
command. You will still need to ensure the 'man-db' package is installed.

$ man 1 ls | head -n 30
This system has been minimized by removing packages and content that are
not required on a system that users do not log into.

To restore this content, including manpages, you can run the 'unminimize'
command. You will still need to ensure the 'man-db' package is installed.

